MPLINK 5.09, LINKER
Linker Map File - Created Mon Oct 14 18:25:59 2019

                                 Section Info
                  Section       Type    Address   Location Size(Bytes)
                ---------  ---------  ---------  ---------  ---------
                 RES_VECT       code   0x000000    program   0x000002
                   .cinit    romdata   0x000001    program   0x000004
                MAIN_PROG       code   0x000003    program   0x000052
.config_8007_BUILD/DEFAULT/PRODUCTION/NEWPIC_       code   0x008007    program   0x000002
.config_8008_BUILD/DEFAULT/PRODUCTION/NEWPIC_       code   0x008008    program   0x000002
.config_8009_BUILD/DEFAULT/PRODUCTION/NEWPIC_       code   0x008009    program   0x000002
.config_800A_BUILD/DEFAULT/PRODUCTION/NEWPIC_       code   0x00800a    program   0x000002
                  GPR_VAR      udata   0x000ca0       data   0x000001



                              Program Memory Usage 
                               Start         End      
                           ---------   ---------      
                            0x000000    0x00002b      
                            0x008007    0x00800a      
            48 out of 16649 program addresses used, program memory utilization is 0%



                              Symbols - Sorted by Name
                     Name    Address   Location    Storage File                     
                ---------  ---------  ---------  --------- ---------                
                     INIT   0x000003    program     static /home/will/Documents/UC/Embedded Systems/Git/Lab 5/FlashingLights.X/newpic_8b_general1.asm
                     LOOP   0x000023    program     static /home/will/Documents/UC/Embedded Systems/Git/Lab 5/FlashingLights.X/newpic_8b_general1.asm
              RESET_TIMER   0x000017    program     static /home/will/Documents/UC/Embedded Systems/Git/Lab 5/FlashingLights.X/newpic_8b_general1.asm
                    START   0x000022    program     static /home/will/Documents/UC/Embedded Systems/Git/Lab 5/FlashingLights.X/newpic_8b_general1.asm
              TIMER_DELAY   0x000010    program     static /home/will/Documents/UC/Embedded Systems/Git/Lab 5/FlashingLights.X/newpic_8b_general1.asm
         TIMER_DELAY_LOOP   0x000013    program     static /home/will/Documents/UC/Embedded Systems/Git/Lab 5/FlashingLights.X/newpic_8b_general1.asm
                 Counter1   0x000ca0       data     static /home/will/Documents/UC/Embedded Systems/Git/Lab 5/FlashingLights.X/newpic_8b_general1.asm



                              Symbols - Sorted by Address
                     Name    Address   Location    Storage File                     
                ---------  ---------  ---------  --------- ---------                
                     INIT   0x000003    program     static /home/will/Documents/UC/Embedded Systems/Git/Lab 5/FlashingLights.X/newpic_8b_general1.asm
              TIMER_DELAY   0x000010    program     static /home/will/Documents/UC/Embedded Systems/Git/Lab 5/FlashingLights.X/newpic_8b_general1.asm
         TIMER_DELAY_LOOP   0x000013    program     static /home/will/Documents/UC/Embedded Systems/Git/Lab 5/FlashingLights.X/newpic_8b_general1.asm
              RESET_TIMER   0x000017    program     static /home/will/Documents/UC/Embedded Systems/Git/Lab 5/FlashingLights.X/newpic_8b_general1.asm
                    START   0x000022    program     static /home/will/Documents/UC/Embedded Systems/Git/Lab 5/FlashingLights.X/newpic_8b_general1.asm
                     LOOP   0x000023    program     static /home/will/Documents/UC/Embedded Systems/Git/Lab 5/FlashingLights.X/newpic_8b_general1.asm
                 Counter1   0x000ca0       data     static /home/will/Documents/UC/Embedded Systems/Git/Lab 5/FlashingLights.X/newpic_8b_general1.asm


